package main

import "fmt"


type simple interface {

renamed()

} 

type complexinterface interface {

renamed()

}  

type mystruct struct {

myvar string

}

// Test for renaming method in interface

func main() {

mystructvar := mystruct {"helloo" }

mystructvar.renamed()		// <<<<< rename,30,13,30,13,renamed,pass


}

func (mystructvar *mystruct)renamed() {


fmt.Println(mystructvar.myvar)


}


