package main

import "fmt"


type simple interface {

renamed()

} 


type mystruct struct {

myvar string

}

// Test for renaming method in interface

func main() {

mystructvar := mystruct {"helloo" }

mystructvar.renamed()		// <<<<< rename,25,13,25,13,renamed,pass


}

func (mystructvar *mystruct)renamed() {


fmt.Println(mystructvar.myvar)


}


