package main

import "fmt"

var hello = ":-(" // This is a different hello

// Test for renaming the local variable hello
func main() {
	hello = ":-)" // Don't change this

	var renamed string = "Hello" // <<<<< rename,11,6,11,6,renamed,pass
	var world string = "world"
	renamed = renamed + ", " + world
	renamed += "!"
	fmt.Println(renamed)
	// The renamed variable -- and only the renamed variable -- was renamed
	// This testcase is to rename the variable renamed but not helloworld
}
