//<<<<< extract,13,3,13,20,newFunc,pass
package main

import "fmt"

func main() {
	messages := make(chan string)
	signals := make(chan bool)

	msg := "hi" + ""
	select {
	case messages <- msg:
		newFunc(msg)
	default:
		fmt.Println("no message sent")
	}

	select {
	case msg := <-messages:
		fmt.Println("received message", msg)
	default:
		fmt.Println("no message received")
	}

	select {
	case msg := <-messages:
		fmt.Println("received message", msg)
	case sig := <-signals:
		fmt.Println("received signal", sig)
	default:
		fmt.Println("no activity")
	}
}

func newFunc(msg string) {
	fmt.Println("sent message", msg)
}
