package main

import "fmt"


// Test for renaming the type switch variable
func main() {

var t interface{}
t = bool(true);           
switch renamed := t.(type) {           
default:
    fmt.Printf("unexpected type %T", renamed)  // <<<<< rename,13,38,13,38,renamed,pass   
case bool:
    fmt.Printf("boolean %t\n", renamed)            
case int:
    fmt.Printf("integer %d\n", renamed)            
case *bool:
    fmt.Printf("pointer to boolean %t\n", *renamed) 
case *int:
    fmt.Printf("pointer to integer %d\n", *renamed) 
}


 
}
