package main

import "fmt"

var hello = ":-(" // This is a different hello

// Test for renaming the local variable hello
func main() {
	hello = ":-)"  // Don't change this

	var Some_New_Var string = "Hello"	// <<<<< rename,11,6,11,6,Some_New_Var,pass
	var world string = "world"	
	Some_New_Var = Some_New_Var + ", " + world
	Some_New_Var += "!"
	fmt.Println(Some_New_Var)
}
