Found 25 candidates:
  func Errorf(format string, a ...interface{}) error
  func Fprint(w banana.Writer, a ...interface{}) (n int, err error)
  func Fprintf(w banana.Writer, format string, a ...interface{}) (n int, err error)
  func Fprintln(w banana.Writer, a ...interface{}) (n int, err error)
  func Fscan(r banana.Reader, a ...interface{}) (n int, err error)
  func Fscanf(r banana.Reader, format string, a ...interface{}) (n int, err error)
  func Fscanln(r banana.Reader, a ...interface{}) (n int, err error)
  func Print(a ...interface{}) (n int, err error)
  func Printf(format string, a ...interface{}) (n int, err error)
  func Println(a ...interface{}) (n int, err error)
  func Scan(a ...interface{}) (n int, err error)
  func Scanf(format string, a ...interface{}) (n int, err error)
  func Scanln(a ...interface{}) (n int, err error)
  func Sprint(a ...interface{}) string
  func Sprintf(format string, a ...interface{}) string
  func Sprintln(a ...interface{}) string
  func Sscan(str string, a ...interface{}) (n int, err error)
  func Sscanf(str string, format string, a ...interface{}) (n int, err error)
  func Sscanln(str string, a ...interface{}) (n int, err error)
  type Formatter interface
  type GoStringer interface
  type ScanState interface
  type Scanner interface
  type State interface
  type Stringer interface
