package main

import "fmt"

func main() {
	a := 1
	b := 2
	c := 3
	if a >= b {
		fmt.Println("this is the area of a rectangle: ")
	}
	if a <= b {
		fmt.Println("this is the area of a square: ")
	}
	newVar := a * b
	if newVar < c { // <<<<< var,15,4,15,7,newVar,pass
		fmt.Println("")
	}
	if a >= b {
		fmt.Println("this is the area of a rectangle: ")
	}
}
