package main

import "fmt"

// hello

func main() {
	// hello
	var x interface{} = "hello"
	// hello
	switch xxx := x.(type) { // <<<<<rename,11,9,11,9,xxx,pass
	// xxx
	case int:
		// xxx
		fmt.Println(xxx)
		// xxx
	case string:
		// xxx
		fmt.Println(xxx)
		// xxx
	default:
		// xxx
		fmt.Println(xxx)
		// xxx
	}
	// hello
}
